dtrace: description 'syscall::write:entry' matched 1 probe
